// Jest Snapshot v1, https://goo.gl/fbAQLP

exports[`Pruebas en <FirstApp /> Debe hacer match con Snapshot 1`] = `
<div>
  <h1
    data-testid="test-title"
  >
    Hola, soy Anto
  </h1>
  <p>
    No hay subtitulo
  </p>
  <p>
    No hay subtitulo
  </p>
  <p>
    Antonela Acosta
  </p>
</div>
`;
